// Jest Snapshot v1, https://goo.gl/fbAQLP

exports[`UsersList matches the snapshot 1`] = `
<div
  className="grid grid--justify-space-around"
>
  <div
    className="grid__col-9"
  >
    <div
      className="margin-top--2"
    >
      ◀ 
      <a
        onClick={[Function]}
        style={Object {}}
      >
        Back
      </a>
    </div>
    <div
      className="grid grid--align-baseline"
    >
      <div
        className="grid__col-1"
      >
        <h1>
          Users
        </h1>
      </div>
      <div
        className="grid__col-3"
      >
        <a
          className="margin-left--1"
          href="/florence/users/create"
          onClick={[Function]}
          style={Object {}}
        >
          Create new user
        </a>
      </div>
    </div>
    <div
      className="grid"
    >
      <div
        className="grid__col-4"
      >
        <div
          className="form__input"
        >
          <label
            className="form__label"
            htmlFor="search-content-types"
          />
          <input
            autoComplete="new-password"
            autoFocus={false}
            className="input"
            disabled={false}
            id="search-content-types"
            name="search-content-types"
            onChange={[Function]}
            onFocus={[Function]}
            placeholder="Search user by name or email"
            type="text"
          />
        </div>
      </div>
    </div>
    <ul
      className="list list--neutral simple-select-list"
    >
      <li
        className="simple-select-list__item"
      >
        <div
          className="simple-select-list__col simple-select-list__cols-1"
        >
          <a
            onClick={[Function]}
            style={Object {}}
          >
            <p
              className="simple-select-list__title"
            >
              Test user
            </p>
          </a>
          <p>
            test@test.com
          </p>
        </div>
      </li>
      <li
        className="simple-select-list__item"
      >
        <div
          className="simple-select-list__col simple-select-list__cols-1"
        >
          <a
            onClick={[Function]}
            style={Object {}}
          >
            <p
              className="simple-select-list__title"
            >
              Test user 2
            </p>
          </a>
          <p>
            test2@test.com
          </p>
        </div>
      </li>
      
    </ul>
  </div>
</div>
`;
