// Jest Snapshot v1, https://goo.gl/fbAQLP

exports[`When a lowercase character is entered into the text input field should match the snapshot 1`] = `
<div>
  <div
    className="margin-bottom--1"
  >
    <div
      className="information"
    >
      <div
        className=""
      >
        <div
          className="panel panel--information panel--no-title"
        >
          <span
            className="visually-hidden"
          >
            information
          </span>
          <div
            className="panel__body"
          >
            <p
              className="panel__information"
            >
              <strong
                className="font-weight--600"
              >
                Your password must have at least:
              </strong>
            </p>
            <div
              className="margin-bottom--1"
            >
              <div
                className="readonly-checkbox__wrapper"
              >
                <input
                  checked={false}
                  className="readonly-checkbox"
                  id="minimum-character-limit"
                  onClick={[Function]}
                  onKeyDown={[Function]}
                  type="checkbox"
                />
                <label
                  htmlFor="minimum-character-limit"
                >
                   
                  14 characters
                </label>
              </div>
              <div
                className="readonly-checkbox__wrapper"
              >
                <input
                  checked={false}
                  className="readonly-checkbox"
                  id="uppercase-character-validation"
                  onClick={[Function]}
                  onKeyDown={[Function]}
                  type="checkbox"
                />
                <label
                  htmlFor="uppercase-character-validation"
                >
                   
                  1 uppercase character
                </label>
              </div>
              <div
                className="readonly-checkbox__wrapper"
              >
                <input
                  checked={false}
                  className="readonly-checkbox"
                  id="lowercase-character-validation"
                  onClick={[Function]}
                  onKeyDown={[Function]}
                  type="checkbox"
                />
                <label
                  htmlFor="lowercase-character-validation"
                >
                   
                  1 lowercase character
                </label>
              </div>
              <div
                className="readonly-checkbox__wrapper"
              >
                <input
                  checked={false}
                  className="readonly-checkbox"
                  id="minimum-number-limit"
                  onClick={[Function]}
                  onKeyDown={[Function]}
                  type="checkbox"
                />
                <label
                  htmlFor="minimum-number-limit"
                >
                   
                  1 number
                </label>
              </div>
              <p
                className="margin-top--1 margin-bottom--1"
              >
                It could be a phrase that has more than 14 characters. For example, 1bought11cupsoftea.
              </p>
              <p>
                It can also have special characters, for example £,?,!,%,&.
              </p>
            </div>
          </div>
        </div>
      </div>
    </div>
  </div>
  <div
    className="form__input"
  >
    <label
      className="form__label"
      htmlFor="password-input"
    >
      Password
    </label>
    
    <input
      autoComplete="new-password"
      autoFocus={false}
      className="input"
      disabled={false}
      id="password-input"
      name="password-input"
      onChange={[Function]}
      onFocus={[Function]}
      type="password"
      value=""
    />
    
  </div>
  <div
    className="form__input form__input--flush checkbox"
  >
    
    <input
      autoComplete="new-password"
      autoFocus={false}
      className="input checkbox__input visually-hidden"
      disabled={false}
      id="password-checkbox"
      name="password-checkbox"
      onChange={[Function]}
      onFocus={[Function]}
      placeholder="Show password"
      type="checkbox"
    />
    
    <label
      className="form__label checkbox__label font-weight--300"
      htmlFor="password-checkbox"
    >
      Show password
    </label>
  </div>
</div>
`;

exports[`When a numerical character is entered into the text input field should match the snapshot 1`] = `
<div>
  <div
    className="margin-bottom--1"
  >
    <div
      className="information"
    >
      <div
        className=""
      >
        <div
          className="panel panel--information panel--no-title"
        >
          <span
            className="visually-hidden"
          >
            information
          </span>
          <div
            className="panel__body"
          >
            <p
              className="panel__information"
            >
              <strong
                className="font-weight--600"
              >
                Your password must have at least:
              </strong>
            </p>
            <div
              className="margin-bottom--1"
            >
              <div
                className="readonly-checkbox__wrapper"
              >
                <input
                  checked={false}
                  className="readonly-checkbox"
                  id="minimum-character-limit"
                  onClick={[Function]}
                  onKeyDown={[Function]}
                  type="checkbox"
                />
                <label
                  htmlFor="minimum-character-limit"
                >
                   
                  14 characters
                </label>
              </div>
              <div
                className="readonly-checkbox__wrapper"
              >
                <input
                  checked={false}
                  className="readonly-checkbox"
                  id="uppercase-character-validation"
                  onClick={[Function]}
                  onKeyDown={[Function]}
                  type="checkbox"
                />
                <label
                  htmlFor="uppercase-character-validation"
                >
                   
                  1 uppercase character
                </label>
              </div>
              <div
                className="readonly-checkbox__wrapper"
              >
                <input
                  checked={false}
                  className="readonly-checkbox"
                  id="lowercase-character-validation"
                  onClick={[Function]}
                  onKeyDown={[Function]}
                  type="checkbox"
                />
                <label
                  htmlFor="lowercase-character-validation"
                >
                   
                  1 lowercase character
                </label>
              </div>
              <div
                className="readonly-checkbox__wrapper"
              >
                <input
                  checked={false}
                  className="readonly-checkbox"
                  id="minimum-number-limit"
                  onClick={[Function]}
                  onKeyDown={[Function]}
                  type="checkbox"
                />
                <label
                  htmlFor="minimum-number-limit"
                >
                   
                  1 number
                </label>
              </div>
              <p
                className="margin-top--1 margin-bottom--1"
              >
                It could be a phrase that has more than 14 characters. For example, 1bought11cupsoftea.
              </p>
              <p>
                It can also have special characters, for example £,?,!,%,&.
              </p>
            </div>
          </div>
        </div>
      </div>
    </div>
  </div>
  <div
    className="form__input"
  >
    <label
      className="form__label"
      htmlFor="password-input"
    >
      Password
    </label>
    
    <input
      autoComplete="new-password"
      autoFocus={false}
      className="input"
      disabled={false}
      id="password-input"
      name="password-input"
      onChange={[Function]}
      onFocus={[Function]}
      type="password"
      value=""
    />
    
  </div>
  <div
    className="form__input form__input--flush checkbox"
  >
    
    <input
      autoComplete="new-password"
      autoFocus={false}
      className="input checkbox__input visually-hidden"
      disabled={false}
      id="password-checkbox"
      name="password-checkbox"
      onChange={[Function]}
      onFocus={[Function]}
      placeholder="Show password"
      type="checkbox"
    />
    
    <label
      className="form__label checkbox__label font-weight--300"
      htmlFor="password-checkbox"
    >
      Show password
    </label>
  </div>
</div>
`;

exports[`When an uppercase character is entered into the text input field should match the snapshot 1`] = `
<div>
  <div
    className="margin-bottom--1"
  >
    <div
      className="information"
    >
      <div
        className=""
      >
        <div
          className="panel panel--information panel--no-title"
        >
          <span
            className="visually-hidden"
          >
            information
          </span>
          <div
            className="panel__body"
          >
            <p
              className="panel__information"
            >
              <strong
                className="font-weight--600"
              >
                Your password must have at least:
              </strong>
            </p>
            <div
              className="margin-bottom--1"
            >
              <div
                className="readonly-checkbox__wrapper"
              >
                <input
                  checked={false}
                  className="readonly-checkbox"
                  id="minimum-character-limit"
                  onClick={[Function]}
                  onKeyDown={[Function]}
                  type="checkbox"
                />
                <label
                  htmlFor="minimum-character-limit"
                >
                   
                  14 characters
                </label>
              </div>
              <div
                className="readonly-checkbox__wrapper"
              >
                <input
                  checked={false}
                  className="readonly-checkbox"
                  id="uppercase-character-validation"
                  onClick={[Function]}
                  onKeyDown={[Function]}
                  type="checkbox"
                />
                <label
                  htmlFor="uppercase-character-validation"
                >
                   
                  1 uppercase character
                </label>
              </div>
              <div
                className="readonly-checkbox__wrapper"
              >
                <input
                  checked={false}
                  className="readonly-checkbox"
                  id="lowercase-character-validation"
                  onClick={[Function]}
                  onKeyDown={[Function]}
                  type="checkbox"
                />
                <label
                  htmlFor="lowercase-character-validation"
                >
                   
                  1 lowercase character
                </label>
              </div>
              <div
                className="readonly-checkbox__wrapper"
              >
                <input
                  checked={false}
                  className="readonly-checkbox"
                  id="minimum-number-limit"
                  onClick={[Function]}
                  onKeyDown={[Function]}
                  type="checkbox"
                />
                <label
                  htmlFor="minimum-number-limit"
                >
                   
                  1 number
                </label>
              </div>
              <p
                className="margin-top--1 margin-bottom--1"
              >
                It could be a phrase that has more than 14 characters. For example, 1bought11cupsoftea.
              </p>
              <p>
                It can also have special characters, for example £,?,!,%,&.
              </p>
            </div>
          </div>
        </div>
      </div>
    </div>
  </div>
  <div
    className="form__input"
  >
    <label
      className="form__label"
      htmlFor="password-input"
    >
      Password
    </label>
    
    <input
      autoComplete="new-password"
      autoFocus={false}
      className="input"
      disabled={false}
      id="password-input"
      name="password-input"
      onChange={[Function]}
      onFocus={[Function]}
      type="password"
      value=""
    />
    
  </div>
  <div
    className="form__input form__input--flush checkbox"
  >
    
    <input
      autoComplete="new-password"
      autoFocus={false}
      className="input checkbox__input visually-hidden"
      disabled={false}
      id="password-checkbox"
      name="password-checkbox"
      onChange={[Function]}
      onFocus={[Function]}
      placeholder="Show password"
      type="checkbox"
    />
    
    <label
      className="form__label checkbox__label font-weight--300"
      htmlFor="password-checkbox"
    >
      Show password
    </label>
  </div>
</div>
`;

exports[`When fourteen numerical and upper as well as lower characters are entered into the text input field should match the snapshot 1`] = `
<div>
  <div
    className="margin-bottom--1"
  >
    <div
      className="information"
    >
      <div
        className=""
      >
        <div
          className="panel panel--information panel--no-title"
        >
          <span
            className="visually-hidden"
          >
            information
          </span>
          <div
            className="panel__body"
          >
            <p
              className="panel__information"
            >
              <strong
                className="font-weight--600"
              >
                Your password must have at least:
              </strong>
            </p>
            <div
              className="margin-bottom--1"
            >
              <div
                className="readonly-checkbox__wrapper"
              >
                <input
                  checked={false}
                  className="readonly-checkbox"
                  id="minimum-character-limit"
                  onClick={[Function]}
                  onKeyDown={[Function]}
                  type="checkbox"
                />
                <label
                  htmlFor="minimum-character-limit"
                >
                   
                  14 characters
                </label>
              </div>
              <div
                className="readonly-checkbox__wrapper"
              >
                <input
                  checked={false}
                  className="readonly-checkbox"
                  id="uppercase-character-validation"
                  onClick={[Function]}
                  onKeyDown={[Function]}
                  type="checkbox"
                />
                <label
                  htmlFor="uppercase-character-validation"
                >
                   
                  1 uppercase character
                </label>
              </div>
              <div
                className="readonly-checkbox__wrapper"
              >
                <input
                  checked={false}
                  className="readonly-checkbox"
                  id="lowercase-character-validation"
                  onClick={[Function]}
                  onKeyDown={[Function]}
                  type="checkbox"
                />
                <label
                  htmlFor="lowercase-character-validation"
                >
                   
                  1 lowercase character
                </label>
              </div>
              <div
                className="readonly-checkbox__wrapper"
              >
                <input
                  checked={false}
                  className="readonly-checkbox"
                  id="minimum-number-limit"
                  onClick={[Function]}
                  onKeyDown={[Function]}
                  type="checkbox"
                />
                <label
                  htmlFor="minimum-number-limit"
                >
                   
                  1 number
                </label>
              </div>
              <p
                className="margin-top--1 margin-bottom--1"
              >
                It could be a phrase that has more than 14 characters. For example, 1bought11cupsoftea.
              </p>
              <p>
                It can also have special characters, for example £,?,!,%,&.
              </p>
            </div>
          </div>
        </div>
      </div>
    </div>
  </div>
  <div
    className="form__input"
  >
    <label
      className="form__label"
      htmlFor="password-input"
    >
      Password
    </label>
    
    <input
      autoComplete="new-password"
      autoFocus={false}
      className="input"
      disabled={false}
      id="password-input"
      name="password-input"
      onChange={[Function]}
      onFocus={[Function]}
      type="password"
      value=""
    />
    
  </div>
  <div
    className="form__input form__input--flush checkbox"
  >
    
    <input
      autoComplete="new-password"
      autoFocus={false}
      className="input checkbox__input visually-hidden"
      disabled={false}
      id="password-checkbox"
      name="password-checkbox"
      onChange={[Function]}
      onFocus={[Function]}
      placeholder="Show password"
      type="checkbox"
    />
    
    <label
      className="form__label checkbox__label font-weight--300"
      htmlFor="password-checkbox"
    >
      Show password
    </label>
  </div>
</div>
`;
